[templatecycle.com/tshop/v-1.5/white/index.html]
[templatecycle.com/tshop/v-1.5/white/assets/ico/apple-touch-icon-144-precomposed.png]
[templatecycle.com/tshop/v-1.5/white/assets/ico/apple-touch-icon-114-precomposed.png]
[templatecycle.com/tshop/v-1.5/white/assets/ico/apple-touch-icon-72-precomposed.png]
[templatecycle.com/tshop/v-1.5/white/ico/apple-touch-icon-57-precomposed.png]
[templatecycle.com/tshop/v-1.5/white/assets/ico/favicon.png]
[backblue.gif]
[fade.gif]
[index.html]
[templatecycle.com/tshop/v-1.5/white/assets/bootstrap/css/bootstrap.css]
[templatecycle.com/tshop/v-1.5/white/assets/css/skin-1.css]
[templatecycle.com/tshop/v-1.5/white/assets/css/style.css]
[templatecycle.com/tshop/v-1.5/white/assets/js/pace.min.js]
[templatecycle.com/tshop/v-1.5/white/assets/css/skin-8.css]
[templatecycle.com/tshop/v-1.5/white/assets/css/skin-2.css]
[templatecycle.com/tshop/v-1.5/white/assets/css/skin-3.css]
[templatecycle.com/tshop/v-1.5/white/assets/css/skin-4.css]
[templatecycle.com/tshop/v-1.5/white/assets/css/skin-5.css]
[templatecycle.com/tshop/v-1.5/white/assets/css/skin-7.css]
[templatecycle.com/tshop/v-1.5/white/assets/css/skin-9.css]
[templatecycle.com/tshop/v-1.5/white/assets/css/skin-10.css]
[templatecycle.com/tshop/v-1.5/white/assets/css/skin-11.css]
[templatecycle.com/tshop/v-1.5/white/assets/css/skin-6.css]
[templatecycle.com/tshop/v-1.5/white/forgot-password.html]
[templatecycle.com/tshop/v-1.5/white/images/logo.png]
[templatecycle.com/tshop/v-1.5/white/account-1.html]
[templatecycle.com/tshop/v-1.5/white/images/product/3.jpg]
[templatecycle.com/tshop/v-1.5/white/images/product/2.jpg]
[templatecycle.com/tshop/v-1.5/white/product-details.html]
[templatecycle.com/tshop/v-1.5/white/images/product/5.jpg]
[templatecycle.com/tshop/v-1.5/white/images/product/4.jpg]
[templatecycle.com/tshop/v-1.5/white/cart.html]
[templatecycle.com/tshop/v-1.5/white/checkout-0.html]
[templatecycle.com/tshop/v-1.5/white/images/site/promo1.jpg]
[templatecycle.com/tshop/v-1.5/white/images/site/promo2.jpg]
[templatecycle.com/tshop/v-1.5/white/images/site/promo3.jpg]
[templatecycle.com/tshop/v-1.5/white/category.html]
[templatecycle.com/tshop/v-1.5/white/images/site/g4.jpg]
[templatecycle.com/tshop/v-1.5/white/images/site/g5.jpg]
[templatecycle.com/tshop/v-1.5/white/index2.html]
[templatecycle.com/tshop/v-1.5/white/index3.html]
[templatecycle.com/tshop/v-1.5/white/index4.html]
[templatecycle.com/tshop/v-1.5/white/index-v-7.html]
[templatecycle.com/tshop/v-1.5/white/index5.html]
[templatecycle.com/tshop/v-1.5/white/index6.html]
[templatecycle.com/tshop/v-1.5/white/index-header2.html]
[templatecycle.com/tshop/v-1.5/white/index-header3.html]
[templatecycle.com/tshop/v-1.5/white/sub-category.html]
[templatecycle.com/tshop/v-1.5/white/sidebar-shopping-cart.html]
[templatecycle.com/tshop/v-1.5/white/category2.html]
[templatecycle.com/tshop/v-1.5/white/index-logged-in.html]
[templatecycle.com/tshop/v-1.5/white/category-product-hover.html]
[templatecycle.com/tshop/v-1.5/white/category-list.html]
[templatecycle.com/tshop/v-1.5/white/about-us-3.html]
[templatecycle.com/tshop/v-1.5/white/about-us-2.html]
[templatecycle.com/tshop/v-1.5/white/about-us.html]
[templatecycle.com/tshop/v-1.5/white/contact-us.html]
[templatecycle.com/tshop/v-1.5/white/category-product-slide.html]
[templatecycle.com/tshop/v-1.5/white/contact-us-2.html]
[templatecycle.com/tshop/v-1.5/white/terms-conditions.html]
[templatecycle.com/tshop/v-1.5/white/product-details-style3.html]
[templatecycle.com/tshop/v-1.5/white/product-details-style2.html]
[templatecycle.com/tshop/v-1.5/white/product-details-style4.html]
[templatecycle.com/tshop/v-1.5/white/product-details-style5-1.html]
[templatecycle.com/tshop/v-1.5/white/product-details-style5.html]
[templatecycle.com/tshop/v-1.5/white/product-details-style5-2.html]
[templatecycle.com/tshop/v-1.5/white/product-details-style5-3.html]
[templatecycle.com/tshop/v-1.5/white/product-details-style5-3-fadein.html]
[templatecycle.com/tshop/v-1.5/white/product-details-style5-4.1-popup-video.html]
[templatecycle.com/tshop/v-1.5/white/product-details-style5-4.html]
[templatecycle.com/tshop/v-1.5/white/product-details-style5-4.1-with-zoom.html]
[templatecycle.com/tshop/v-1.5/white/checkout-1.html]
[templatecycle.com/tshop/v-1.5/white/checkout-2.html]
[templatecycle.com/tshop/v-1.5/white/checkout-3.html]
[templatecycle.com/tshop/v-1.5/white/checkout-4.html]
[templatecycle.com/tshop/v-1.5/white/checkout-5.html]
[templatecycle.com/tshop/v-1.5/white/one-page-checkout.html]
[templatecycle.com/tshop/v-1.5/white/account.html]
[templatecycle.com/tshop/v-1.5/white/thanks-for-order.html]
[templatecycle.com/tshop/v-1.5/white/my-address.html]
[templatecycle.com/tshop/v-1.5/white/user-information.html]
[templatecycle.com/tshop/v-1.5/white/wishlist.html]
[templatecycle.com/tshop/v-1.5/white/order-list.html]
[templatecycle.com/tshop/v-1.5/white/single-product-modal.html]
[templatecycle.com/tshop/v-1.5/white/blog-details.html]
[templatecycle.com/tshop/v-1.5/white/order-status.html]
[templatecycle.com/tshop/v-1.5/white/blog.html]
[templatecycle.com/tshop/v-1.5/white/single-subscribe-modal.html]
[templatecycle.com/tshop/v-1.5/white/error-page.html]
[templatecycle.com/tshop/v-1.5/white/form.html]
[templatecycle.com/tshop/v-1.5/white/images/site/winter.jpg]
[templatecycle.com/tshop/v-1.5/white/blank-page.html]
[templatecycle.com/tshop/v-1.5/white/all-page-link.html]
[templatecycle.com/tshop/v-1.5/white/images/slider/slider0.jpg]
[templatecycle.com/tshop/v-1.5/white/images/slider/slider1.jpg]
[templatecycle.com/tshop/v-1.5/white/images/slider/slider3.jpg]
[templatecycle.com/tshop/v-1.5/white/images/slider/slider4.jpg]
[templatecycle.com/tshop/v-1.5/white/images/slider/color.png]
[templatecycle.com/tshop/v-1.5/white/images/slider/6.jpg]
[templatecycle.com/tshop/v-1.5/white/ajax/product.html]
[templatecycle.com/tshop/v-1.5/white/images/product/34.jpg]
[templatecycle.com/tshop/v-1.5/white/images/product/30.jpg]
[templatecycle.com/tshop/v-1.5/white/images/product/36.jpg]
[templatecycle.com/tshop/v-1.5/white/images/product/9.jpg]
[templatecycle.com/tshop/v-1.5/white/images/product/12.jpg]
[templatecycle.com/tshop/v-1.5/white/images/product/13.jpg]
[templatecycle.com/tshop/v-1.5/white/images/product/21.jpg]
[templatecycle.com/tshop/v-1.5/white/images/product/24.jpg]
[templatecycle.com/tshop/v-1.5/white/images/product/15.jpg]
[templatecycle.com/tshop/v-1.5/white/images/product/22.jpg]
[templatecycle.com/tshop/v-1.5/white/images/product/18.jpg]
[templatecycle.com/tshop/v-1.5/white/images/product/7.jpg]
[templatecycle.com/tshop/v-1.5/white/images/product/31.jpg]
[templatecycle.com/tshop/v-1.5/white/images/product/33.jpg]
[templatecycle.com/tshop/v-1.5/white/images/product/10.jpg]
[templatecycle.com/tshop/v-1.5/white/images/product/37.jpg]
[templatecycle.com/tshop/v-1.5/white/images/product/35.jpg]
[templatecycle.com/tshop/v-1.5/white/images/product/14.jpg]
[templatecycle.com/tshop/v-1.5/white/images/product/17.jpg]
[templatecycle.com/tshop/v-1.5/white/images/site/new-collection-1.jpg]
[templatecycle.com/tshop/v-1.5/white/images/site/new-collection-2.jpg]
[templatecycle.com/tshop/v-1.5/white/images/site/new-collection-3.jpg]
[templatecycle.com/tshop/v-1.5/white/images/site/new-collection-4.jpg]
[templatecycle.com/tshop/v-1.5/white/images/brand/1.gif]
[templatecycle.com/tshop/v-1.5/white/images/brand/2.png]
[templatecycle.com/tshop/v-1.5/white/images/brand/3.png]
[templatecycle.com/tshop/v-1.5/white/images/brand/4.png]
[templatecycle.com/tshop/v-1.5/white/images/brand/5.png]
[templatecycle.com/tshop/v-1.5/white/images/brand/6.png]
[templatecycle.com/tshop/v-1.5/white/images/brand/7.png]
[templatecycle.com/tshop/v-1.5/white/images/brand/8.png]
[templatecycle.com/tshop/v-1.5/white/images/site/payment/master_card.png]
[templatecycle.com/tshop/v-1.5/white/images/site/payment/visa_card.png]
[templatecycle.com/tshop/v-1.5/white/images/site/payment/paypal.png]
[templatecycle.com/tshop/v-1.5/white/images/site/payment/american_express_card.png]
[templatecycle.com/tshop/v-1.5/white/images/site/payment/discover_network_card.png]
[templatecycle.com/tshop/v-1.5/white/images/site/payment/google_wallet.png]
[ajax.googleapis.com/ajax/libs/jquery/1.10.1/jquery.min.js]
[templatecycle.com/tshop/v-1.5/white/assets/bootstrap/js/bootstrap.min.js]
[templatecycle.com/tshop/v-1.5/white/assets/js/jquery.easing.1.3.js]
[templatecycle.com/tshop/v-1.5/white/assets/js/jquery.parallax-1.1.js]
[templatecycle.com/tshop/v-1.5/white/assets/js/jquery.cycle2.min.js]
[templatecycle.com/tshop/v-1.5/white/assets/js/jquery.mCustomScrollbar.js]
[templatecycle.com/tshop/v-1.5/white/assets/js/helper-plugins/jquery.mousewheel.min.js]
[templatecycle.com/tshop/v-1.5/white/assets/plugins/icheck-1.x/icheck.min.js]
[templatecycle.com/tshop/v-1.5/white/assets/js/grids.js]
[templatecycle.com/tshop/v-1.5/white/assets/js/owl.carousel.min.js]
[cdnjs.cloudflare.com/ajax/libs/select2/4.0.0/js/select2.min.js]
[templatecycle.com/tshop/v-1.5/white/assets/js/bootstrap.touchspin.js]
[templatecycle.com/tshop/v-1.5/white/assets/js/home.js]
[templatecycle.com/tshop/v-1.5/white/index.html]
[templatecycle.com/tshop/v-1.5/white/ico/apple-touch-icon-57-precomposed.html]
[templatecycle.com/tshop/v-1.5/white/assets/js/script.js]
[templatecycle.com/tshop/v-1.5/white/assets/bootstrap/fonts/glyphicons-halflings-regular.eot]
[templatecycle.com/tshop/v-1.5/white/assets/bootstrap/fonts/glyphicons-halflings-regular.woff]
[templatecycle.com/tshop/v-1.5/white/assets/bootstrap/fonts/glyphicons-halflings-regular.ttf]
[templatecycle.com/tshop/v-1.5/white/assets/bootstrap/fonts/glyphicons-halflings-regular.woff2]
[templatecycle.com/tshop/v-1.5/white/assets/bootstrap/css/bootstrap.css]
[templatecycle.com/tshop/v-1.5/white/assets/css/skin-1.css]
[templatecycle.com/tshop/v-1.5/white/assets/bootstrap/fonts/glyphicons-halflings-regulard41d.eot]
[templatecycle.com/tshop/v-1.5/white/assets/bootstrap/fonts/glyphicons-halflings-regular.svg]
[templatecycle.com/tshop/v-1.5/white/assets/css/owl.carousel.css]
[templatecycle.com/tshop/v-1.5/white/assets/css/owl.theme.css]
[templatecycle.com/tshop/v-1.5/white/assets/css/font-awesome.css]
[templatecycle.com/tshop/v-1.5/white/assets/css/animate.min.css]
[templatecycle.com/tshop/v-1.5/white/assets/css/jquery.mCustomScrollbar.css]
[templatecycle.com/tshop/v-1.5/white/assets/css/alpha.css]
[cdnjs.cloudflare.com/ajax/libs/select2/4.0.0/css/select2.min.css]
[templatecycle.com/tshop/v-1.5/white/assets/css/smoothproducts.css]
[templatecycle.com/tshop/v-1.5/white/assets/plugins/icheck-1.x/skins/all.css]
[templatecycle.com/tshop/v-1.5/white/assets/css/style.css]
[templatecycle.com/tshop/v-1.5/white/assets/css/skin-8.css]
[templatecycle.com/tshop/v-1.5/white/assets/css/skin-2.css]
[templatecycle.com/tshop/v-1.5/white/assets/css/skin-3.css]
[templatecycle.com/tshop/v-1.5/white/assets/css/skin-4.css]
[templatecycle.com/tshop/v-1.5/white/assets/css/skin-5.css]
[templatecycle.com/tshop/v-1.5/white/assets/css/skin-7.css]
[templatecycle.com/tshop/v-1.5/white/assets/css/skin-9.css]
[templatecycle.com/tshop/v-1.5/white/assets/css/skin-10.css]
[templatecycle.com/tshop/v-1.5/white/assets/css/skin-11.css]
[templatecycle.com/tshop/v-1.5/white/assets/css/skin-6.css]
[templatecycle.com/tshop/v-1.5/white/forgot-password.html]
[templatecycle.com/tshop/v-1.5/white/assets/css/btn.css]
[templatecycle.com/tshop/v-1.5/white/account-1.html]
[templatecycle.com/tshop/v-1.5/white/assets/js/jquery.validate.js]
[templatecycle.com/tshop/v-1.5/white/assets/plugins/rating/bootstrap-rating.css]
[templatecycle.com/tshop/v-1.5/white/images/product_details/hi-res-croped/1.jpg]
[templatecycle.com/tshop/v-1.5/white/images/product_details/low-res-white/1.jpg]
[templatecycle.com/tshop/v-1.5/white/images/product_details/hi-res-croped/2.jpg]
[templatecycle.com/tshop/v-1.5/white/images/product_details/low-res-white/2.jpg]
[templatecycle.com/tshop/v-1.5/white/images/product_details/hi-res-croped/3.jpg]
[templatecycle.com/tshop/v-1.5/white/images/product_details/low-res-white/3.jpg]
[templatecycle.com/tshop/v-1.5/white/images/product/a1.jpg]
[templatecycle.com/tshop/v-1.5/white/san-remo-spaghetti]
[templatecycle.com/tshop/v-1.5/white/images/product/a2.jpg]
[templatecycle.com/tshop/v-1.5/white/images/product/a3.jpg]
[templatecycle.com/tshop/v-1.5/white/images/product/a4.jpg]
[templatecycle.com/tshop/v-1.5/white/images/product/a5.jpg]
[templatecycle.com/tshop/v-1.5/white/assets/js/smoothproducts.min.js]
[templatecycle.com/tshop/v-1.5/white/product-details.html]
[templatecycle.com/tshop/v-1.5/white/cart.html]
[templatecycle.com/tshop/v-1.5/white/checkout-0.html]
[templatecycle.com/tshop/v-1.5/white/assets/plugins/rating/bootstrap-rating.min.js]
[templatecycle.com/tshop/v-1.5/white/images/site/category.jpg]
[templatecycle.com/tshop/v-1.5/white/images/site/casual.jpg]
[templatecycle.com/tshop/v-1.5/white/images/site/shoe.jpg]
[templatecycle.com/tshop/v-1.5/white/images/site/jewelry.jpg]
[templatecycle.com/tshop/v-1.5/white/images/site/Male-Fragrances.jpg]
[templatecycle.com/tshop/v-1.5/white/images/product/16.jpg]
[templatecycle.com/tshop/v-1.5/white/images/product/19.jpg]
[templatecycle.com/tshop/v-1.5/white/category.html]
[templatecycle.com/tshop/v-1.5/white/index2.html]
[templatecycle.com/tshop/v-1.5/white/assets/plugins/swiper-master/css/swiper.min.css]
[templatecycle.com/tshop/v-1.5/white/images/slider/box/1.jpg]
[templatecycle.com/tshop/v-1.5/white/images/slider/box/2a.jpg]
[templatecycle.com/tshop/v-1.5/white/images/slider/box/2b.jpg]
[templatecycle.com/tshop/v-1.5/white/images/slider/box/3.jpg]
[templatecycle.com/tshop/v-1.5/white/images/slider/box/4a.jpg]
[templatecycle.com/tshop/v-1.5/white/images/slider/box/4b.jpg]
[templatecycle.com/tshop/v-1.5/white/images/slider/box/4c.jpg]
[templatecycle.com/tshop/v-1.5/white/images/slider/box/4d.jpg]
[templatecycle.com/tshop/v-1.5/white/images/slider/box/6.jpg]
[templatecycle.com/tshop/v-1.5/white/images/slider/box/7b.jpg]
[templatecycle.com/tshop/v-1.5/white/images/slider/box/7b1.jpg]
[templatecycle.com/tshop/v-1.5/white/images/slider/box/7b2.jpg]
[templatecycle.com/tshop/v-1.5/white/images/slider/box/5.jpg]
[templatecycle.com/tshop/v-1.5/white/index3.html]
[templatecycle.com/tshop/v-1.5/white/images/featured/1.jpg]
[templatecycle.com/tshop/v-1.5/white/assets/plugins/swiper-master/js/swiper.jquery.min.js]
[templatecycle.com/tshop/v-1.5/white/images/featured/2.jpg]
[templatecycle.com/tshop/v-1.5/white/images/featured/3.jpg]
[templatecycle.com/tshop/v-1.5/white/images/featured/4.jpg]
[templatecycle.com/tshop/v-1.5/white/index4.html]
[templatecycle.com/tshop/v-1.5/white/images/slider/single-img/1.jpg]
[templatecycle.com/tshop/v-1.5/white/assets/js/jquery/jquery-1.10.1.min.js]
[templatecycle.com/tshop/v-1.5/white/assets/js/idangerous.swiper-2.1.min.js]
[templatecycle.com/tshop/v-1.5/white/images/slider/single-img/2.jpg]
[templatecycle.com/tshop/v-1.5/white/images/slider/single-img/3.jpg]
[templatecycle.com/tshop/v-1.5/white/images/site/arrow-right.png]
[templatecycle.com/tshop/v-1.5/white/images/site/arrow-left.png]
[templatecycle.com/tshop/v-1.5/white/images/look3/2.jpg]
[templatecycle.com/tshop/v-1.5/white/images/look3/1.jpg]
[templatecycle.com/tshop/v-1.5/white/images/look3/3.jpg]
[templatecycle.com/tshop/v-1.5/white/images/look3/4.jpg]
[templatecycle.com/tshop/v-1.5/white/images/look3/5.jpg]
[templatecycle.com/tshop/v-1.5/white/images/look3/6.jpg]
[templatecycle.com/tshop/v-1.5/white/index5.html]
[templatecycle.com/tshop/v-1.5/white/assets/css/story.css]
[templatecycle.com/tshop/v-1.5/white/images/blog/6808161406_d38a36ce37_b.jpg]
[templatecycle.com/tshop/v-1.5/white/images/blog/unnamed.jpg]
[templatecycle.com/tshop/v-1.5/white/images/blog/6629875515_a5fb1415db_b.jpg]
[templatecycle.com/tshop/v-1.5/white/images/blog/unnamed3.jpg]
[templatecycle.com/tshop/v-1.5/white/images/blog/842708924_d175dd65ba_o.jpg]
[templatecycle.com/tshop/v-1.5/white/assets/js/skrollr.min.js]
[templatecycle.com/tshop/v-1.5/white/index6.html]
[templatecycle.com/tshop/v-1.5/white/assets/css/home-v7.css]
[templatecycle.com/tshop/v-1.5/white/assets/css/cart-nav.css]
[templatecycle.com/tshop/v-1.5/white/images/logo-dark.png]
[templatecycle.com/tshop/v-1.5/white/images/hero-bg/2r.jpg]
[templatecycle.com/tshop/v-1.5/white/images/hero-bg/1.jpg]
[templatecycle.com/tshop/v-1.5/white/images/hero-bg/3.jpg]
[templatecycle.com/tshop/v-1.5/white/images/hero-bg/5.jpg]
[templatecycle.com/tshop/v-1.5/white/images/hero-bg/6.jpg]
[templatecycle.com/tshop/v-1.5/white/images/product/54a.jpg]
[templatecycle.com/tshop/v-1.5/white/images/product/54b.jpg]
[templatecycle.com/tshop/v-1.5/white/images/product/53a.jpg]
[templatecycle.com/tshop/v-1.5/white/images/product/53b.jpg]
[templatecycle.com/tshop/v-1.5/white/images/product/50a.jpg]
[templatecycle.com/tshop/v-1.5/white/images/product/50b.jpg]
[templatecycle.com/tshop/v-1.5/white/images/product/51a.jpg]
[templatecycle.com/tshop/v-1.5/white/images/product/51b.jpg]
[templatecycle.com/tshop/v-1.5/white/images/category/1.jpg]
[templatecycle.com/tshop/v-1.5/white/images/category/2.jpg]
[templatecycle.com/tshop/v-1.5/white/images/category/3.jpg]
[templatecycle.com/tshop/v-1.5/white/images/category/4.jpg]
[templatecycle.com/tshop/v-1.5/white/images/category/5.jpg]
[templatecycle.com/tshop/v-1.5/white/images/category/6.jpg]
[templatecycle.com/tshop/v-1.5/white/images/parallax/7.jpg]
[templatecycle.com/tshop/v-1.5/white/assets/js/sidebar-nav.js]
[templatecycle.com/tshop/v-1.5/white/index-v-7.html]
[templatecycle.com/tshop/v-1.5/white/index-header2.html]
[templatecycle.com/tshop/v-1.5/white/index-header3.html]
[templatecycle.com/tshop/v-1.5/white/index-logged-in.html]
[templatecycle.com/tshop/v-1.5/white/sidebar-shopping-cart.html]
[templatecycle.com/tshop/v-1.5/white/assets/js/jquery.scrollme.min.js]
[templatecycle.com/tshop/v-1.5/white/assets/css/category-2.css]
[templatecycle.com/tshop/v-1.5/white/category2.html]
[templatecycle.com/tshop/v-1.5/white/assets/js/hideMaxListItem-min.js]
[templatecycle.com/tshop/v-1.5/white/images/site/subcategory.jpg]
[templatecycle.com/tshop/v-1.5/white/sub-category.html]
[templatecycle.com/tshop/v-1.5/white/category-list.html]
[templatecycle.com/tshop/v-1.5/white/images/product/11.jpg]
[templatecycle.com/tshop/v-1.5/white/images/product/26.jpg]
[templatecycle.com/tshop/v-1.5/white/images/product/29.jpg]
[templatecycle.com/tshop/v-1.5/white/images/product/20.jpg]
[templatecycle.com/tshop/v-1.5/white/category-product-hover.html]
[templatecycle.com/tshop/v-1.5/white/images/product/8.jpg]
[templatecycle.com/tshop/v-1.5/white/images/product/25.jpg]
[templatecycle.com/tshop/v-1.5/white/category-product-slide.html]
[templatecycle.com/tshop/v-1.5/white/images/about/1.jpg]
[templatecycle.com/tshop/v-1.5/white/images/about/2.jpg]
[templatecycle.com/tshop/v-1.5/white/images/about/3.jpg]
[templatecycle.com/tshop/v-1.5/white/images/about/7.jpg]
[templatecycle.com/tshop/v-1.5/white/images/about/4.jpg]
[templatecycle.com/tshop/v-1.5/white/images/about/p2.jpg]
[templatecycle.com/tshop/v-1.5/white/images/about/p1.jpg]
[templatecycle.com/tshop/v-1.5/white/images/about/p3.jpg]
[templatecycle.com/tshop/v-1.5/white/images/about/p4.jpg]
[templatecycle.com/tshop/v-1.5/white/images/about/bg.jpg]
[templatecycle.com/tshop/v-1.5/white/assets/js/wow.min.js]
[templatecycle.com/tshop/v-1.5/white/about-us-3.html]
[templatecycle.com/tshop/v-1.5/white/images/site/girl1.jpg]
[templatecycle.com/tshop/v-1.5/white/images/site/girl2.jpg]
[templatecycle.com/tshop/v-1.5/white/images/site/girl3.jpg]
[templatecycle.com/tshop/v-1.5/white/about-us-2.html]
[templatecycle.com/tshop/v-1.5/white/about-us.html]
[templatecycle.com/tshop/v-1.5/white/contact-us.html]
[templatecycle.com/tshop/v-1.5/white/contact-us-2.html]
[templatecycle.com/tshop/v-1.5/white/terms-conditions.html]
[templatecycle.com/tshop/v-1.5/white/product-details-style2.html]
[templatecycle.com/tshop/v-1.5/white/assets/js/smoothproducts-thumb.js]
[templatecycle.com/tshop/v-1.5/white/product-details-style3.html]
[templatecycle.com/tshop/v-1.5/white/assets/plugins/magnific/magnific-popup.css]
[templatecycle.com/tshop/v-1.5/white/assets/js/jquery.zoom.js]
[templatecycle.com/tshop/v-1.5/white/product-details-style4.html]
[templatecycle.com/tshop/v-1.5/white/assets/css/product-details-5.css]
[templatecycle.com/tshop/v-1.5/white/images/product_details/hi-res/1.jpg]
[templatecycle.com/tshop/v-1.5/white/assets/plugins/magnific/jquery.magnific-popup.min.js]
[templatecycle.com/tshop/v-1.5/white/images/product_details/hi-res/2.jpg]
[templatecycle.com/tshop/v-1.5/white/...11b.delayed]
[templatecycle.com/tshop/v-1.5/white/images/product_details/hi-res/3.jpg]
[templatecycle.com/tshop/v-1.5/white/images/product_details/pd-story-1.jpg]
[templatecycle.com/tshop/v-1.5/white/images/product_details/product-features.jpg]
[templatecycle.com/tshop/v-1.5/white/images/product_details/size-guide-model.jpg]
[templatecycle.com/tshop/v-1.5/white/images/product_details/user-2.jpg]
[templatecycle.com/tshop/v-1.5/white/images/site/default-user.png]
[templatecycle.com/tshop/v-1.5/white/assets/plugins/intense-images-master/intense.js]
[templatecycle.com/tshop/v-1.5/white/product-details-style5.html]
[templatecycle.com/tshop/v-1.5/white/images/product_details/p-bg-1.jpg]
[templatecycle.com/tshop/v-1.5/white/images/product_details/p-bg-2.jpg]
[templatecycle.com/tshop/v-1.5/white/product-details-style5-1.html]
[templatecycle.com/tshop/v-1.5/white/product-details-style5-2.html]
[templatecycle.com/tshop/v-1.5/white/assets/plugins/bxslider/jquery.bxslider.css]
[templatecycle.com/tshop/v-1.5/white/images/product_details/low-res-croped/1.jpg]
[templatecycle.com/tshop/v-1.5/white/images/product_details/low-res-croped/2.jpg]
[templatecycle.com/tshop/v-1.5/white/images/product_details/low-res-croped/3.jpg]
[templatecycle.com/tshop/v-1.5/white/images/product_details/low-res-croped/video-thumb.jpg]
[templatecycle.com/tshop/v-1.5/white/assets/plugins/bxslider/plugins/jquery.fitvids.js]
[templatecycle.com/tshop/v-1.5/white/assets/plugins/bxslider/jquery.bxslider.min.js]
[templatecycle.com/tshop/v-1.5/white/product-details-style5-3.html]
[templatecycle.com/tshop/v-1.5/white/product-details-style5-3-fadein.html]
[templatecycle.com/tshop/v-1.5/white/images/product_details/low-res-white/video-thumb.jpg]
[templatecycle.com/tshop/v-1.5/white/product-details-style5-4.html]
[templatecycle.com/tshop/v-1.5/white/product-details-style5-4.1-popup-video.html]
[templatecycle.com/tshop/v-1.5/white/product-details-style5-4.1-with-zoom.html]
[templatecycle.com/tshop/v-1.5/white/checkout-1.html]
[templatecycle.com/tshop/v-1.5/white/checkout-2.html]
[templatecycle.com/tshop/v-1.5/white/checkout-3.html]
[templatecycle.com/tshop/v-1.5/white/images/site/payment/paypal-small.png]
[templatecycle.com/tshop/v-1.5/white/checkout-4.html]
[templatecycle.com/tshop/v-1.5/white/checkout-5.html]
[templatecycle.com/tshop/v-1.5/white/images/site/card-payment.jpg]
[templatecycle.com/tshop/v-1.5/white/one-page-checkout.html]
[templatecycle.com/tshop/v-1.5/white/thanks-for-order.html]
[templatecycle.com/tshop/v-1.5/white/assets/css/ion.checkRadio.css]
[templatecycle.com/tshop/v-1.5/white/assets/css/ion.checkRadio.cloudy.css]
[templatecycle.com/tshop/v-1.5/white/assets/css/jquery.minimalect.min.css]
[templatecycle.com/tshop/v-1.5/white/account.html]
[templatecycle.com/tshop/v-1.5/white/my-address.html]
[templatecycle.com/tshop/v-1.5/white/user-information.html]
[templatecycle.com/tshop/v-1.5/white/wishlist.html]
[templatecycle.com/tshop/v-1.5/white/assets/css/footable-0.1.css]
[templatecycle.com/tshop/v-1.5/white/assets/css/footable.sortable-0.1.css]
[templatecycle.com/tshop/v-1.5/white/add-address.html]
[templatecycle.com/tshop/v-1.5/white/assets/js/footable.js]
[templatecycle.com/tshop/v-1.5/white/assets/js/footable.sortable.js]
[templatecycle.com/tshop/v-1.5/white/order-list.html]
[templatecycle.com/tshop/v-1.5/white/order-status.html]
[templatecycle.com/tshop/v-1.5/white/assets/css/blog.css]
[templatecycle.com/tshop/v-1.5/white/images/blog/blogbg.jpg]
[templatecycle.com/tshop/v-1.5/white/images/blog/unnamed2.jpg]
[templatecycle.com/tshop/v-1.5/white/post-details.13a.delayed]
[templatecycle.com/tshop/v-1.5/white/blog.html]
[templatecycle.com/tshop/v-1.5/white/images/blog/unnamed4.jpg]
[templatecycle.com/tshop/v-1.5/white/blog-details.html]
[templatecycle.com/tshop/v-1.5/white/assets/js/product-details.js]
[templatecycle.com/tshop/v-1.5/white/single-product-modal.html]
[templatecycle.com/tshop/v-1.5/white/single-subscribe-modal.html]
[templatecycle.com/tshop/v-1.5/white/error-page.html]
[templatecycle.com/tshop/v-1.5/white/blank-page.html]
[templatecycle.com/tshop/v-1.5/white/form.html]
[templatecycle.com/tshop/v-1.5/white/index-v-7.1.html]
[templatecycle.com/tshop/v-1.5/white/index-v-7.2.html]
[templatecycle.com/tshop/v-1.5/white/index-v-7.3.html]
[templatecycle.com/tshop/v-1.5/white/index-v-7.4.html]
[templatecycle.com/tshop/v-1.5/white/index-v-7.5.html]
[templatecycle.com/tshop/v-1.5/white/index-v-7.6.html]
[templatecycle.com/tshop/v-1.5/white/index-header5-full-width-submenu.html]
[templatecycle.com/tshop/v-1.5/white/category-tree-menu-open.html]
[templatecycle.com/tshop/v-1.5/white/all-page-link.html]
[templatecycle.com/tshop/v-1.5/white/category-tree-menu.html]
[templatecycle.com/tshop/v-1.5/white/category-collapse-open-first-one.html]
[templatecycle.com/tshop/v-1.5/white/ajax/product-details.html]
[templatecycle.com/tshop/v-1.5/white/jquery-validation-login-modal.html]
[templatecycle.com/tshop/v-1.5/white/ajax/images/product_details/low-res-white/1.jpg]
[templatecycle.com/tshop/v-1.5/white/ajax/images/product_details/low-res-white/2.jpg]
[templatecycle.com/tshop/v-1.5/white/ajax/images/product_details/low-res-white/3.jpg]
[templatecycle.com/tshop/v-1.5/white/ajax/product.html]
[templatecycle.com/tshop/v-1.5/white/assets/bootstrap/fonts/glyphicons-halflings-regular.svg]
[templatecycle.com/tshop/v-1.5/white/assets/css/grabbing.png]
[templatecycle.com/tshop/v-1.5/white/assets/css/owl.carousel.css]
[templatecycle.com/tshop/v-1.5/white/assets/css/AjaxLoader.gif]
[templatecycle.com/tshop/v-1.5/white/assets/css/owl.theme.css]
[templatecycle.com/tshop/v-1.5/white/assets/fonts/fontawesome-webfont93e3.woff]
[templatecycle.com/tshop/v-1.5/white/assets/fonts/fontawesome-webfont93e3.eot]
[templatecycle.com/tshop/v-1.5/white/assets/fonts/fontawesome-webfont93e3.ttf]
[templatecycle.com/tshop/v-1.5/white/assets/fonts/fontawesome-webfont93e3.woff2]
[templatecycle.com/tshop/v-1.5/white/assets/fonts/fontawesome-webfontd41d.eot]
[templatecycle.com/tshop/v-1.5/white/assets/css/font-awesome.css]
[templatecycle.com/tshop/v-1.5/white/assets/css/animate.min.css]
[templatecycle.com/tshop/v-1.5/white/assets/css/mCSB_buttons.png]
[templatecycle.com/tshop/v-1.5/white/assets/css/jquery.mCustomScrollbar.css]
[templatecycle.com/tshop/v-1.5/white/assets/css/alpha.css]
[cdnjs.cloudflare.com/ajax/libs/select2/4.0.0/css/select2.min.css]
[templatecycle.com/tshop/v-1.5/white/assets/css/smoothproducts.css]
[templatecycle.com/tshop/v-1.5/white/assets/fonts/fontawesome-webfont93e3.svg]
[templatecycle.com/tshop/v-1.5/white/assets/plugins/icheck-1.x/skins/minimal/_all.css]
[templatecycle.com/tshop/v-1.5/white/assets/plugins/icheck-1.x/skins/square/_all.css]
[templatecycle.com/tshop/v-1.5/white/assets/plugins/icheck-1.x/skins/flat/_all.css]
[templatecycle.com/tshop/v-1.5/white/assets/plugins/icheck-1.x/skins/flat/green.css]
[templatecycle.com/tshop/v-1.5/white/assets/plugins/icheck-1.x/skins/line/_all.css]
[templatecycle.com/tshop/v-1.5/white/assets/plugins/icheck-1.x/skins/polaris/polaris.css]
[templatecycle.com/tshop/v-1.5/white/assets/plugins/icheck-1.x/skins/all.css]
[templatecycle.com/tshop/v-1.5/white/assets/css/btn.css]
[templatecycle.com/tshop/v-1.5/white/assets/plugins/rating/bootstrap-rating.css]
[templatecycle.com/tshop/v-1.5/white/san-remo-spaghetti.html]
[templatecycle.com/tshop/v-1.5/white/assets/plugins/icheck-1.x/skins/futurico/futurico.css]
[templatecycle.com/tshop/v-1.5/white/assets/plugins/swiper-master/css/swiper.min.css]
[templatecycle.com/tshop/v-1.5/white/assets/css/story.css]
[templatecycle.com/tshop/v-1.5/white/images/slider/slider2.jpg]
[templatecycle.com/tshop/v-1.5/white/images/arrows.png]
[templatecycle.com/tshop/v-1.5/white/assets/css/home-v7.css]
[templatecycle.com/tshop/v-1.5/white/assets/css/cart-nav.css]
[templatecycle.com/tshop/v-1.5/white/assets/css/category-2.css]
[templatecycle.com/tshop/v-1.5/white/assets/plugins/magnific/magnific-popup.css]
[templatecycle.com/tshop/v-1.5/white/assets/css/product-details-5.css]
[templatecycle.com/tshop/v-1.5/white/...html]
[templatecycle.com/tshop/v-1.5/white/assets/plugins/intense-images-master/img/plus_cursor.png]
[templatecycle.com/tshop/v-1.5/white/assets/plugins/bxslider/images/bx_loader.gif]
[templatecycle.com/tshop/v-1.5/white/assets/plugins/bxslider/images/controls.png]
[templatecycle.com/tshop/v-1.5/white/assets/plugins/bxslider/jquery.bxslider.css]
[templatecycle.com/tshop/v-1.5/white/assets/css/ion.checkRadio.html]
[templatecycle.com/tshop/v-1.5/white/assets/css/ion.checkRadio.cloudy.html]
[templatecycle.com/tshop/v-1.5/white/assets/css/jquery.minimalect.min.css]
[templatecycle.com/tshop/v-1.5/white/add-address.html]
[templatecycle.com/tshop/v-1.5/white/assets/css/img/plus.png]
[templatecycle.com/tshop/v-1.5/white/assets/css/img/minus.png]
[templatecycle.com/tshop/v-1.5/white/assets/css/footable-0.1.css]
[templatecycle.com/tshop/v-1.5/white/assets/css/img/sorting_sprite.png]
[templatecycle.com/tshop/v-1.5/white/assets/css/footable.sortable-0.1.css]
[templatecycle.com/tshop/v-1.5/white/assets/css/blog.css]
[templatecycle.com/tshop/v-1.5/white/post-details.html]
[templatecycle.com/tshop/v-1.5/white/assets/js/product-details.html]
[templatecycle.com/tshop/v-1.5/white/index-v-7.1.html]
[templatecycle.com/tshop/v-1.5/white/index-v-7.2.html]
[templatecycle.com/tshop/v-1.5/white/index-v-7.3.html]
[templatecycle.com/tshop/v-1.5/white/index-v-7.4.html]
[templatecycle.com/tshop/v-1.5/white/index-v-7.5.html]
[templatecycle.com/tshop/v-1.5/white/index-v-7.6.html]
[templatecycle.com/tshop/v-1.5/white/index-header5-full-width-submenu.html]
[templatecycle.com/tshop/v-1.5/white/category-tree-menu.html]
[templatecycle.com/tshop/v-1.5/white/category-tree-menu-open.html]
[templatecycle.com/tshop/v-1.5/white/category-collapse-open-first-one.html]
[templatecycle.com/tshop/v-1.5/white/jquery-validation-login-modal.html]
[templatecycle.com/tshop/v-1.5/white/ajax/product-details.html]
[templatecycle.com/tshop/v-1.5/white/ajax/images/product_details/low-res-white/1.html]
[templatecycle.com/tshop/v-1.5/white/ajax/images/product_details/low-res-white/2.html]
[templatecycle.com/tshop/v-1.5/white/ajax/images/product_details/low-res-white/3.html]
[templatecycle.com/tshop/v-1.5/white/assets/fonts/fontawesome-webfont93e3.svg]
[templatecycle.com/tshop/v-1.5/white/assets/plugins/icheck-1.x/skins/minimal/minimal.png]
[templatecycle.com/tshop/v-1.5/white/assets/plugins/icheck-1.x/skins/minimal/minimal@2x.png]
[templatecycle.com/tshop/v-1.5/white/assets/plugins/icheck-1.x/skins/minimal/red.png]
[templatecycle.com/tshop/v-1.5/white/assets/plugins/icheck-1.x/skins/minimal/red@2x.png]
[templatecycle.com/tshop/v-1.5/white/assets/plugins/icheck-1.x/skins/minimal/green.png]
[templatecycle.com/tshop/v-1.5/white/assets/plugins/icheck-1.x/skins/minimal/green@2x.png]
[templatecycle.com/tshop/v-1.5/white/assets/plugins/icheck-1.x/skins/minimal/blue.png]
[templatecycle.com/tshop/v-1.5/white/assets/plugins/icheck-1.x/skins/minimal/blue@2x.png]
[templatecycle.com/tshop/v-1.5/white/assets/plugins/icheck-1.x/skins/minimal/aero.png]
[templatecycle.com/tshop/v-1.5/white/assets/plugins/icheck-1.x/skins/minimal/aero@2x.png]
[templatecycle.com/tshop/v-1.5/white/assets/plugins/icheck-1.x/skins/minimal/grey.png]
[templatecycle.com/tshop/v-1.5/white/assets/plugins/icheck-1.x/skins/minimal/grey@2x.png]
[templatecycle.com/tshop/v-1.5/white/assets/plugins/icheck-1.x/skins/minimal/orange.png]
[templatecycle.com/tshop/v-1.5/white/assets/plugins/icheck-1.x/skins/minimal/orange@2x.png]
[templatecycle.com/tshop/v-1.5/white/assets/plugins/icheck-1.x/skins/minimal/yellow.png]
[templatecycle.com/tshop/v-1.5/white/assets/plugins/icheck-1.x/skins/minimal/yellow@2x.png]
[templatecycle.com/tshop/v-1.5/white/assets/plugins/icheck-1.x/skins/minimal/pink.png]
[templatecycle.com/tshop/v-1.5/white/assets/plugins/icheck-1.x/skins/minimal/pink@2x.png]
[templatecycle.com/tshop/v-1.5/white/assets/plugins/icheck-1.x/skins/minimal/purple.png]
[templatecycle.com/tshop/v-1.5/white/assets/plugins/icheck-1.x/skins/minimal/purple@2x.png]
[templatecycle.com/tshop/v-1.5/white/assets/plugins/icheck-1.x/skins/minimal/_all.css]
[templatecycle.com/tshop/v-1.5/white/assets/plugins/icheck-1.x/skins/square/square.png]
[templatecycle.com/tshop/v-1.5/white/assets/plugins/icheck-1.x/skins/square/square@2x.png]
[templatecycle.com/tshop/v-1.5/white/assets/plugins/icheck-1.x/skins/square/red.png]
[templatecycle.com/tshop/v-1.5/white/assets/plugins/icheck-1.x/skins/square/red@2x.png]
[templatecycle.com/tshop/v-1.5/white/assets/plugins/icheck-1.x/skins/square/green.png]
[templatecycle.com/tshop/v-1.5/white/assets/plugins/icheck-1.x/skins/square/green@2x.png]
[templatecycle.com/tshop/v-1.5/white/assets/plugins/icheck-1.x/skins/square/blue.png]
[templatecycle.com/tshop/v-1.5/white/assets/plugins/icheck-1.x/skins/square/blue@2x.png]
[templatecycle.com/tshop/v-1.5/white/assets/plugins/icheck-1.x/skins/square/aero.png]
[templatecycle.com/tshop/v-1.5/white/assets/plugins/icheck-1.x/skins/square/aero@2x.png]
[templatecycle.com/tshop/v-1.5/white/assets/plugins/icheck-1.x/skins/square/grey.png]
[templatecycle.com/tshop/v-1.5/white/assets/plugins/icheck-1.x/skins/square/grey@2x.png]
[templatecycle.com/tshop/v-1.5/white/assets/plugins/icheck-1.x/skins/square/orange.png]
[templatecycle.com/tshop/v-1.5/white/assets/plugins/icheck-1.x/skins/square/orange@2x.png]
[templatecycle.com/tshop/v-1.5/white/assets/plugins/icheck-1.x/skins/square/yellow.png]
[templatecycle.com/tshop/v-1.5/white/assets/plugins/icheck-1.x/skins/square/yellow@2x.png]
[templatecycle.com/tshop/v-1.5/white/assets/plugins/icheck-1.x/skins/square/pink.png]
[templatecycle.com/tshop/v-1.5/white/assets/plugins/icheck-1.x/skins/square/pink@2x.png]
[templatecycle.com/tshop/v-1.5/white/assets/plugins/icheck-1.x/skins/square/purple.png]
[templatecycle.com/tshop/v-1.5/white/assets/plugins/icheck-1.x/skins/square/purple@2x.png]
[templatecycle.com/tshop/v-1.5/white/assets/plugins/icheck-1.x/skins/square/_all.css]
[templatecycle.com/tshop/v-1.5/white/assets/plugins/icheck-1.x/skins/flat/flat.png]
[templatecycle.com/tshop/v-1.5/white/assets/plugins/icheck-1.x/skins/flat/flat@2x.png]
[templatecycle.com/tshop/v-1.5/white/assets/plugins/icheck-1.x/skins/flat/red.png]
[templatecycle.com/tshop/v-1.5/white/assets/plugins/icheck-1.x/skins/flat/red@2x.png]
[templatecycle.com/tshop/v-1.5/white/assets/plugins/icheck-1.x/skins/flat/green.png]
[templatecycle.com/tshop/v-1.5/white/assets/plugins/icheck-1.x/skins/flat/green@2x.png]
[templatecycle.com/tshop/v-1.5/white/assets/plugins/icheck-1.x/skins/flat/blue.png]
[templatecycle.com/tshop/v-1.5/white/assets/plugins/icheck-1.x/skins/flat/blue@2x.png]
[templatecycle.com/tshop/v-1.5/white/assets/plugins/icheck-1.x/skins/flat/aero.png]
[templatecycle.com/tshop/v-1.5/white/assets/plugins/icheck-1.x/skins/flat/aero@2x.png]
[templatecycle.com/tshop/v-1.5/white/assets/plugins/icheck-1.x/skins/flat/grey.png]
[templatecycle.com/tshop/v-1.5/white/assets/plugins/icheck-1.x/skins/flat/grey@2x.png]
[templatecycle.com/tshop/v-1.5/white/assets/plugins/icheck-1.x/skins/flat/orange.png]
[templatecycle.com/tshop/v-1.5/white/assets/plugins/icheck-1.x/skins/flat/orange@2x.png]
[templatecycle.com/tshop/v-1.5/white/assets/plugins/icheck-1.x/skins/flat/yellow.png]
[templatecycle.com/tshop/v-1.5/white/assets/plugins/icheck-1.x/skins/flat/yellow@2x.png]
[templatecycle.com/tshop/v-1.5/white/assets/plugins/icheck-1.x/skins/flat/pink.png]
[templatecycle.com/tshop/v-1.5/white/assets/plugins/icheck-1.x/skins/flat/pink@2x.png]
[templatecycle.com/tshop/v-1.5/white/assets/plugins/icheck-1.x/skins/flat/purple.png]
[templatecycle.com/tshop/v-1.5/white/assets/plugins/icheck-1.x/skins/flat/purple@2x.png]
[templatecycle.com/tshop/v-1.5/white/assets/plugins/icheck-1.x/skins/flat/_all.css]
[templatecycle.com/tshop/v-1.5/white/assets/plugins/icheck-1.x/skins/flat/green.css]
[templatecycle.com/tshop/v-1.5/white/assets/plugins/icheck-1.x/skins/line/line.png]
[templatecycle.com/tshop/v-1.5/white/assets/plugins/icheck-1.x/skins/line/line@2x.png]
[templatecycle.com/tshop/v-1.5/white/assets/plugins/icheck-1.x/skins/line/_all.css]
[templatecycle.com/tshop/v-1.5/white/assets/plugins/icheck-1.x/skins/polaris/polaris.png]
[templatecycle.com/tshop/v-1.5/white/assets/plugins/icheck-1.x/skins/polaris/polaris@2x.png]
[templatecycle.com/tshop/v-1.5/white/assets/plugins/icheck-1.x/skins/polaris/polaris.css]
[templatecycle.com/tshop/v-1.5/white/assets/plugins/icheck-1.x/skins/futurico/futurico.png]
[templatecycle.com/tshop/v-1.5/white/assets/plugins/icheck-1.x/skins/futurico/futurico@2x.png]
[templatecycle.com/tshop/v-1.5/white/assets/plugins/icheck-1.x/skins/futurico/futurico.css]
[fronteed.com/iCheck/icheckf700.js]
[code.jquery.com/jquery-migrate-1.2.1.js]
